Ôû▓ Next.js 16.2.0 (Turbopack)

  Creating an optimized production build ...
Ô£ô Compiled successfully in 3.4s
  Running TypeScript ...
  Finished TypeScript in 6.4s ...
  Collecting page data using 5 workers ...
  Generating static pages using 5 workers (0/4) ...
  Generating static pages using 5 workers (1/4) 
  Generating static pages using 5 workers (2/4) 
  Generating static pages using 5 workers (3/4) 
Ô£ô Generating static pages using 5 workers (4/4) in 592ms
  Finalizing page optimization ...

Route (app)
Ôöî Ôùï /
Ôöö Ôùï /_not-found


Ôùï  (Static)  prerendered as static content

